var1=some text
var2=123
var3=987.654
var4=True
var4=false
