<element attr1="val1" attr2="val2">
  <element1 attr3="val3" attr4="val4" />
</element>
