[
  {var1, true},
  {var2, false},
  {var3, "True"},
  {var4, "false"}
].
