{
  "var1": "my string",
  "var2": "my' \"string\""
}
