arr1 = ["some text", [123, 987.654], true, "false"]
