option1 123
option2 987.654
option3 123
option4 987.654
