var1: true
var10: false
var11: true
var12: false
var2: false
var3: true
var4: false
var5: true
var6: false
var7: "yes"
var8: "no"
var9: true
