[
  {var1, true},
  {var2, false},
  {var3, true},
  {var4, false}
].
