{
  "var1": 123,
  "var2": -987,
  "var3": 123.456,
  "var4": -987.654,
  "var5": 123,
  "var6": -987,
  "var7": 123.456,
  "var8": -987.654
}
