option1 true
option2 false
option3 true
option4 False
